// Jest Snapshot v1, https://goo.gl/fbAQLP

exports[`Random Color Component should render a random color 1`] = `
<Fragment>
  <ColorDisplay
    backgroundColor="red"
  />
</Fragment>
`;
